Archive member included because of file (symbol)

c:/winavr-20100110/bin/../lib/gcc/avr/4.3.3/avr5\libgcc.a(_mulsi3.o)
                              ./03-HAL/TEMP/TEMP_program.o (__mulsi3)
c:/winavr-20100110/bin/../lib/gcc/avr/4.3.3/avr5\libgcc.a(_udivmodhi4.o)
                              ./03-HAL/TEMP/TEMP_program.o (__udivmodhi4)
c:/winavr-20100110/bin/../lib/gcc/avr/4.3.3/avr5\libgcc.a(_udivmodsi4.o)
                              ./03-HAL/LCD/LCD.o (__udivmodsi4)
c:/winavr-20100110/bin/../lib/gcc/avr/4.3.3/avr5\libgcc.a(_exit.o)
                              c:/winavr-20100110/bin/../lib/gcc/avr/4.3.3/../../../../avr/lib/avr5/crtm32.o (exit)
c:/winavr-20100110/bin/../lib/gcc/avr/4.3.3/avr5\libgcc.a(_copy_data.o)
                              ./04-APP/APP_Program.o (__do_copy_data)
c:/winavr-20100110/bin/../lib/gcc/avr/4.3.3/avr5\libgcc.a(_clear_bss.o)
                              ./03-HAL/LCD/LCD.o (__do_clear_bss)

Allocating common symbols
Common symbol       size              file

gu8arr_error        0x64              ./03-HAL/LCD/LCD.o
gu8_Reading         0x2               ./02-MCAL/ADC/ADC_program.o
CallbackNotification
                    0x2               ./02-MCAL/ADC/ADC_program.o

Memory Configuration

Name             Origin             Length             Attributes
text             0x00000000         0x00020000         xr
data             0x00800060         0x0000ffa0         rw !x
eeprom           0x00810000         0x00010000         rw !x
fuse             0x00820000         0x00000400         rw !x
lock             0x00830000         0x00000400         rw !x
signature        0x00840000         0x00000400         rw !x
*default*        0x00000000         0xffffffff

Linker script and memory map

LOAD c:/winavr-20100110/bin/../lib/gcc/avr/4.3.3/../../../../avr/lib/avr5/crtm32.o
LOAD ./04-APP/APP_Program.o
LOAD ./03-HAL/motor/Motor.o
LOAD ./03-HAL/TEMP/TEMP_program.o
LOAD ./03-HAL/LCD/LCD.o
LOAD ./03-HAL/KEYPAD/KEYPAD_program.o
LOAD ./03-HAL/BUTTON/Button.o
LOAD ./02-MCAL/TIMER/Timer.o
LOAD ./02-MCAL/PWM/PWM.o
LOAD ./02-MCAL/Interrupt/Interrupt_program.o
LOAD ./02-MCAL/DIO/DIO_program.o
LOAD ./02-MCAL/ADC/ADC_program.o
LOAD ./01-LIB/DET/Det.o
LOAD ./main.o
LOAD c:/winavr-20100110/bin/../lib/gcc/avr/4.3.3/avr5\libgcc.a
LOAD c:/winavr-20100110/bin/../lib/gcc/avr/4.3.3/../../../../avr/lib/avr5\libc.a
LOAD c:/winavr-20100110/bin/../lib/gcc/avr/4.3.3/avr5\libgcc.a

.hash
 *(.hash)

.dynsym
 *(.dynsym)

.dynstr
 *(.dynstr)

.gnu.version
 *(.gnu.version)

.gnu.version_d
 *(.gnu.version_d)

.gnu.version_r
 *(.gnu.version_r)

.rel.init
 *(.rel.init)

.rela.init
 *(.rela.init)

.rel.text
 *(.rel.text)
 *(.rel.text.*)
 *(.rel.gnu.linkonce.t*)

.rela.text
 *(.rela.text)
 *(.rela.text.*)
 *(.rela.gnu.linkonce.t*)

.rel.fini
 *(.rel.fini)

.rela.fini
 *(.rela.fini)

.rel.rodata
 *(.rel.rodata)
 *(.rel.rodata.*)
 *(.rel.gnu.linkonce.r*)

.rela.rodata
 *(.rela.rodata)
 *(.rela.rodata.*)
 *(.rela.gnu.linkonce.r*)

.rel.data
 *(.rel.data)
 *(.rel.data.*)
 *(.rel.gnu.linkonce.d*)

.rela.data
 *(.rela.data)
 *(.rela.data.*)
 *(.rela.gnu.linkonce.d*)

.rel.ctors
 *(.rel.ctors)

.rela.ctors
 *(.rela.ctors)

.rel.dtors
 *(.rel.dtors)

.rela.dtors
 *(.rela.dtors)

.rel.got
 *(.rel.got)

.rela.got
 *(.rela.got)

.rel.bss
 *(.rel.bss)

.rela.bss
 *(.rela.bss)

.rel.plt
 *(.rel.plt)

.rela.plt
 *(.rela.plt)

.text           0x00000000     0x1aae
 *(.vectors)
 .vectors       0x00000000       0x54 c:/winavr-20100110/bin/../lib/gcc/avr/4.3.3/../../../../avr/lib/avr5/crtm32.o
                0x00000000                __vectors
                0x00000000                __vector_default
 *(.vectors)
 *(.progmem.gcc*)
 *(.progmem*)
                0x00000054                . = ALIGN (0x2)
                0x00000054                __trampolines_start = .
 *(.trampolines)
 .trampolines   0x00000054        0x0 linker stubs
 *(.trampolines*)
                0x00000054                __trampolines_end = .
 *(.jumptables)
 *(.jumptables*)
 *(.lowtext)
 *(.lowtext*)
                0x00000054                __ctors_start = .
 *(.ctors)
                0x00000054                __ctors_end = .
                0x00000054                __dtors_start = .
 *(.dtors)
                0x00000054                __dtors_end = .
 SORT(*)(.ctors)
 SORT(*)(.dtors)
 *(.init0)
 .init0         0x00000054        0x0 c:/winavr-20100110/bin/../lib/gcc/avr/4.3.3/../../../../avr/lib/avr5/crtm32.o
                0x00000054                __init
 *(.init0)
 *(.init1)
 *(.init1)
 *(.init2)
 .init2         0x00000054        0xc c:/winavr-20100110/bin/../lib/gcc/avr/4.3.3/../../../../avr/lib/avr5/crtm32.o
 *(.init2)
 *(.init3)
 *(.init3)
 *(.init4)
 .init4         0x00000060       0x16 c:/winavr-20100110/bin/../lib/gcc/avr/4.3.3/avr5\libgcc.a(_copy_data.o)
                0x00000060                __do_copy_data
 .init4         0x00000076       0x10 c:/winavr-20100110/bin/../lib/gcc/avr/4.3.3/avr5\libgcc.a(_clear_bss.o)
                0x00000076                __do_clear_bss
 *(.init4)
 *(.init5)
 *(.init5)
 *(.init6)
 *(.init6)
 *(.init7)
 *(.init7)
 *(.init8)
 *(.init8)
 *(.init9)
 .init9         0x00000086        0x8 c:/winavr-20100110/bin/../lib/gcc/avr/4.3.3/../../../../avr/lib/avr5/crtm32.o
 *(.init9)
 *(.text)
 .text          0x0000008e        0x4 c:/winavr-20100110/bin/../lib/gcc/avr/4.3.3/../../../../avr/lib/avr5/crtm32.o
                0x0000008e                __vector_1
                0x0000008e                __vector_12
                0x0000008e                __bad_interrupt
                0x0000008e                __vector_6
                0x0000008e                __vector_3
                0x0000008e                __vector_13
                0x0000008e                __vector_17
                0x0000008e                __vector_19
                0x0000008e                __vector_7
                0x0000008e                __vector_5
                0x0000008e                __vector_4
                0x0000008e                __vector_9
                0x0000008e                __vector_2
                0x0000008e                __vector_15
                0x0000008e                __vector_8
                0x0000008e                __vector_14
                0x0000008e                __vector_18
                0x0000008e                __vector_20
 .text          0x00000092        0x0 ./04-APP/APP_Program.o
 .text          0x00000092        0x0 ./03-HAL/motor/Motor.o
 .text          0x00000092        0x0 ./03-HAL/TEMP/TEMP_program.o
 .text          0x00000092        0x0 ./03-HAL/LCD/LCD.o
 .text          0x00000092        0x0 ./03-HAL/KEYPAD/KEYPAD_program.o
 .text          0x00000092        0x0 ./03-HAL/BUTTON/Button.o
 .text          0x00000092        0x0 ./02-MCAL/TIMER/Timer.o
 .text          0x00000092        0x0 ./02-MCAL/PWM/PWM.o
 .text          0x00000092        0x0 ./02-MCAL/Interrupt/Interrupt_program.o
 .text          0x00000092        0x0 ./02-MCAL/DIO/DIO_program.o
 .text          0x00000092        0x0 ./02-MCAL/ADC/ADC_program.o
 .text          0x00000092        0x0 ./01-LIB/DET/Det.o
 .text          0x00000092        0x0 ./main.o
 .text          0x00000092        0x0 c:/winavr-20100110/bin/../lib/gcc/avr/4.3.3/avr5\libgcc.a(_mulsi3.o)
 .text          0x00000092        0x0 c:/winavr-20100110/bin/../lib/gcc/avr/4.3.3/avr5\libgcc.a(_udivmodhi4.o)
 .text          0x00000092        0x0 c:/winavr-20100110/bin/../lib/gcc/avr/4.3.3/avr5\libgcc.a(_udivmodsi4.o)
 .text          0x00000092        0x0 c:/winavr-20100110/bin/../lib/gcc/avr/4.3.3/avr5\libgcc.a(_exit.o)
 .text          0x00000092        0x0 c:/winavr-20100110/bin/../lib/gcc/avr/4.3.3/avr5\libgcc.a(_copy_data.o)
 .text          0x00000092        0x0 c:/winavr-20100110/bin/../lib/gcc/avr/4.3.3/avr5\libgcc.a(_clear_bss.o)
                0x00000092                . = ALIGN (0x2)
 *(.text.*)
 .text.APP_init
                0x00000092       0x30 ./04-APP/APP_Program.o
                0x00000092                APP_init
 .text.APP_Prog
                0x000000c2      0x302 ./04-APP/APP_Program.o
                0x000000c2                APP_Prog
 .text.MOTOR_init
                0x000003c4       0x4e ./03-HAL/motor/Motor.o
                0x000003c4                MOTOR_init
 .text.MOTOR_speed
                0x00000412       0x1a ./03-HAL/motor/Motor.o
                0x00000412                MOTOR_speed
 .text.MOTOR_direction
                0x0000042c       0x92 ./03-HAL/motor/Motor.o
                0x0000042c                MOTOR_direction
 .text.MOTOR_off
                0x000004be       0x4a ./03-HAL/motor/Motor.o
                0x000004be                MOTOR_off
 .text.TEMP_init
                0x00000508       0x22 ./03-HAL/TEMP/TEMP_program.o
                0x00000508                TEMP_init
 .text.TEMP_u8GetReading
                0x0000052a       0x74 ./03-HAL/TEMP/TEMP_program.o
                0x0000052a                TEMP_u8GetReading
 .text.LCD_vidInit
                0x0000059e       0x96 ./03-HAL/LCD/LCD.o
                0x0000059e                LCD_vidInit
 .text.LCD_vidWriteCommand
                0x00000634      0x128 ./03-HAL/LCD/LCD.o
                0x00000634                LCD_vidWriteCommand
 .text.LCD_vidWriteData
                0x0000075c      0x128 ./03-HAL/LCD/LCD.o
                0x0000075c                LCD_vidWriteData
 .text.LCD_vidWriteString
                0x00000884       0x76 ./03-HAL/LCD/LCD.o
                0x00000884                LCD_vidWriteString
 .text.LCD_vidWriteNumber
                0x000008fa      0x14e ./03-HAL/LCD/LCD.o
                0x000008fa                LCD_vidWriteNumber
 .text.LCD_vidSetPosition
                0x00000a48       0x70 ./03-HAL/LCD/LCD.o
                0x00000a48                LCD_vidSetPosition
 .text.LCD_vidClear
                0x00000ab8       0x2e ./03-HAL/LCD/LCD.o
                0x00000ab8                LCD_vidClear
 .text.delay    0x00000ae6       0x3c ./03-HAL/LCD/LCD.o
 .text.KPD_init
                0x00000b22       0x86 ./03-HAL/KEYPAD/KEYPAD_program.o
                0x00000b22                KPD_init
 .text.KPD_u8GetPressedKey
                0x00000ba8      0x108 ./03-HAL/KEYPAD/KEYPAD_program.o
                0x00000ba8                KPD_u8GetPressedKey
 .text.BTN_vidInit
                0x00000cb0       0x4e ./03-HAL/BUTTON/Button.o
                0x00000cb0                BTN_vidInit
 .text.BTN_u8IsPressed
                0x00000cfe       0xe2 ./03-HAL/BUTTON/Button.o
                0x00000cfe                BTN_u8IsPressed
 .text.TIMER_vidTimer0Init
                0x00000de0       0x22 ./02-MCAL/TIMER/Timer.o
                0x00000de0                TIMER_vidTimer0Init
 .text.TIMER_vidTimer0Start
                0x00000e02       0x28 ./02-MCAL/TIMER/Timer.o
                0x00000e02                TIMER_vidTimer0Start
 .text.TIMER_vidTimer0Stop
                0x00000e2a       0x1c ./02-MCAL/TIMER/Timer.o
                0x00000e2a                TIMER_vidTimer0Stop
 .text.TIMER_u8Timer0_OVFflag
                0x00000e46       0x16 ./02-MCAL/TIMER/Timer.o
                0x00000e46                TIMER_u8Timer0_OVFflag
 .text.TIMER_u8Timer0_CTCflag
                0x00000e5c       0x18 ./02-MCAL/TIMER/Timer.o
                0x00000e5c                TIMER_u8Timer0_CTCflag
 .text.TIMER_vidTimer0SetInitValue
                0x00000e74       0x24 ./02-MCAL/TIMER/Timer.o
                0x00000e74                TIMER_vidTimer0SetInitValue
 .text.SetCallBack_Timer0CTC
                0x00000e98       0x24 ./02-MCAL/TIMER/Timer.o
                0x00000e98                SetCallBack_Timer0CTC
 .text.SetCallBack_Timer0OVF
                0x00000ebc       0x24 ./02-MCAL/TIMER/Timer.o
                0x00000ebc                SetCallBack_Timer0OVF
 .text.__vector_10
                0x00000ee0       0x66 ./02-MCAL/TIMER/Timer.o
                0x00000ee0                __vector_10
 .text.__vector_11
                0x00000f46       0x70 ./02-MCAL/TIMER/Timer.o
                0x00000f46                __vector_11
 .text.PWM_vidInit
                0x00000fb6       0x34 ./02-MCAL/PWM/PWM.o
                0x00000fb6                PWM_vidInit
 .text.PWM_vidstart
                0x00000fea       0x5a ./02-MCAL/PWM/PWM.o
                0x00000fea                PWM_vidstart
 .text.PWM_SetDutyCycle
                0x00001044       0x1a ./02-MCAL/PWM/PWM.o
                0x00001044                PWM_SetDutyCycle
 .text.GlobalInerruptEnable
                0x0000105e       0x1c ./02-MCAL/Interrupt/Interrupt_program.o
                0x0000105e                GlobalInerruptEnable
 .text.DIO_SETpinDir
                0x0000107a      0x21e ./02-MCAL/DIO/DIO_program.o
                0x0000107a                DIO_SETpinDir
 .text.DIO_SETportDir
                0x00001298       0x90 ./02-MCAL/DIO/DIO_program.o
                0x00001298                DIO_SETportDir
 .text.DIO_SETpinVal
                0x00001328      0x21e ./02-MCAL/DIO/DIO_program.o
                0x00001328                DIO_SETpinVal
 .text.DIO_SETportVal
                0x00001546       0x90 ./02-MCAL/DIO/DIO_program.o
                0x00001546                DIO_SETportVal
 .text.DIO_GETpinVal
                0x000015d6      0x124 ./02-MCAL/DIO/DIO_program.o
                0x000015d6                DIO_GETpinVal
 .text.ADC_init
                0x000016fa       0x70 ./02-MCAL/ADC/ADC_program.o
                0x000016fa                ADC_init
 .text.ADC_u8StartConversionSynch
                0x0000176a      0x102 ./02-MCAL/ADC/ADC_program.o
                0x0000176a                ADC_u8StartConversionSynch
 .text.ADC_u8StartConversionASynch
                0x0000186c       0xaa ./02-MCAL/ADC/ADC_program.o
                0x0000186c                ADC_u8StartConversionASynch
 .text.__vector_16
                0x00001916       0x82 ./02-MCAL/ADC/ADC_program.o
                0x00001916                __vector_16
 .text.Det_ReportError
                0x00001998       0x4e ./01-LIB/DET/Det.o
                0x00001998                Det_ReportError
 .text.main     0x000019e6       0x1a ./main.o
                0x000019e6                main
 .text.libgcc   0x00001a00       0x3e c:/winavr-20100110/bin/../lib/gcc/avr/4.3.3/avr5\libgcc.a(_mulsi3.o)
                0x00001a00                __mulsi3
 .text.libgcc   0x00001a3e       0x28 c:/winavr-20100110/bin/../lib/gcc/avr/4.3.3/avr5\libgcc.a(_udivmodhi4.o)
                0x00001a3e                __udivmodhi4
 .text.libgcc   0x00001a66       0x44 c:/winavr-20100110/bin/../lib/gcc/avr/4.3.3/avr5\libgcc.a(_udivmodsi4.o)
                0x00001a66                __udivmodsi4
 .text.libgcc   0x00001aaa        0x0 c:/winavr-20100110/bin/../lib/gcc/avr/4.3.3/avr5\libgcc.a(_exit.o)
 .text.libgcc   0x00001aaa        0x0 c:/winavr-20100110/bin/../lib/gcc/avr/4.3.3/avr5\libgcc.a(_copy_data.o)
 .text.libgcc   0x00001aaa        0x0 c:/winavr-20100110/bin/../lib/gcc/avr/4.3.3/avr5\libgcc.a(_clear_bss.o)
                0x00001aaa                . = ALIGN (0x2)
 *(.fini9)
 .fini9         0x00001aaa        0x0 c:/winavr-20100110/bin/../lib/gcc/avr/4.3.3/avr5\libgcc.a(_exit.o)
                0x00001aaa                exit
                0x00001aaa                _exit
 *(.fini9)
 *(.fini8)
 *(.fini8)
 *(.fini7)
 *(.fini7)
 *(.fini6)
 *(.fini6)
 *(.fini5)
 *(.fini5)
 *(.fini4)
 *(.fini4)
 *(.fini3)
 *(.fini3)
 *(.fini2)
 *(.fini2)
 *(.fini1)
 *(.fini1)
 *(.fini0)
 .fini0         0x00001aaa        0x4 c:/winavr-20100110/bin/../lib/gcc/avr/4.3.3/avr5\libgcc.a(_exit.o)
 *(.fini0)
                0x00001aae                _etext = .

.data           0x00800060       0x4c load address 0x00001aae
                0x00800060                PROVIDE (__data_start, .)
 *(.data)
 .data          0x00800060        0x0 c:/winavr-20100110/bin/../lib/gcc/avr/4.3.3/../../../../avr/lib/avr5/crtm32.o
 .data          0x00800060       0x3b ./04-APP/APP_Program.o
 .data          0x0080009b        0x0 ./03-HAL/motor/Motor.o
 .data          0x0080009b        0x0 ./03-HAL/TEMP/TEMP_program.o
 .data          0x0080009b        0x0 ./03-HAL/LCD/LCD.o
 .data          0x0080009b        0x0 ./03-HAL/KEYPAD/KEYPAD_program.o
 .data          0x0080009b        0x0 ./03-HAL/BUTTON/Button.o
 .data          0x0080009b        0x0 ./02-MCAL/TIMER/Timer.o
 .data          0x0080009b        0x0 ./02-MCAL/PWM/PWM.o
 .data          0x0080009b        0x0 ./02-MCAL/Interrupt/Interrupt_program.o
 .data          0x0080009b        0x0 ./02-MCAL/DIO/DIO_program.o
 .data          0x0080009b        0x0 ./02-MCAL/ADC/ADC_program.o
 .data          0x0080009b        0x0 ./01-LIB/DET/Det.o
 .data          0x0080009b        0x0 ./main.o
 .data          0x0080009b        0x0 c:/winavr-20100110/bin/../lib/gcc/avr/4.3.3/avr5\libgcc.a(_mulsi3.o)
 .data          0x0080009b        0x0 c:/winavr-20100110/bin/../lib/gcc/avr/4.3.3/avr5\libgcc.a(_udivmodhi4.o)
 .data          0x0080009b        0x0 c:/winavr-20100110/bin/../lib/gcc/avr/4.3.3/avr5\libgcc.a(_udivmodsi4.o)
 .data          0x0080009b        0x0 c:/winavr-20100110/bin/../lib/gcc/avr/4.3.3/avr5\libgcc.a(_exit.o)
 .data          0x0080009b        0x0 c:/winavr-20100110/bin/../lib/gcc/avr/4.3.3/avr5\libgcc.a(_copy_data.o)
 .data          0x0080009b        0x0 c:/winavr-20100110/bin/../lib/gcc/avr/4.3.3/avr5\libgcc.a(_clear_bss.o)
 *(.data*)
 .data.KPD_COLUMNS.1220
                0x0080009b        0x3 ./03-HAL/KEYPAD/KEYPAD_program.o
 .data.KPD_ROWS.1219
                0x0080009e        0x3 ./03-HAL/KEYPAD/KEYPAD_program.o
 .data.KPD_Arr.1218
                0x008000a1        0x9 ./03-HAL/KEYPAD/KEYPAD_program.o
 .data.gu8_State
                0x008000aa        0x1 ./02-MCAL/ADC/ADC_program.o
                0x008000aa                gu8_State
 *(.rodata)
 *(.rodata*)
 *(.gnu.linkonce.d*)
                0x008000ac                . = ALIGN (0x2)
 *fill*         0x008000ab        0x1 00
                0x008000ac                _edata = .
                0x008000ac                PROVIDE (__data_end, .)

.bss            0x008000ac       0x71
                0x008000ac                PROVIDE (__bss_start, .)
 *(.bss)
 .bss           0x008000ac        0x0 c:/winavr-20100110/bin/../lib/gcc/avr/4.3.3/../../../../avr/lib/avr5/crtm32.o
 .bss           0x008000ac        0x0 ./04-APP/APP_Program.o
 .bss           0x008000ac        0x0 ./03-HAL/motor/Motor.o
 .bss           0x008000ac        0x0 ./03-HAL/TEMP/TEMP_program.o
 .bss           0x008000ac        0x0 ./03-HAL/LCD/LCD.o
 .bss           0x008000ac        0x0 ./03-HAL/KEYPAD/KEYPAD_program.o
 .bss           0x008000ac        0x0 ./03-HAL/BUTTON/Button.o
 .bss           0x008000ac        0x0 ./02-MCAL/TIMER/Timer.o
 .bss           0x008000ac        0x0 ./02-MCAL/PWM/PWM.o
 .bss           0x008000ac        0x0 ./02-MCAL/Interrupt/Interrupt_program.o
 .bss           0x008000ac        0x0 ./02-MCAL/DIO/DIO_program.o
 .bss           0x008000ac        0x0 ./02-MCAL/ADC/ADC_program.o
 .bss           0x008000ac        0x0 ./01-LIB/DET/Det.o
 .bss           0x008000ac        0x0 ./main.o
 .bss           0x008000ac        0x0 c:/winavr-20100110/bin/../lib/gcc/avr/4.3.3/avr5\libgcc.a(_mulsi3.o)
 .bss           0x008000ac        0x0 c:/winavr-20100110/bin/../lib/gcc/avr/4.3.3/avr5\libgcc.a(_udivmodhi4.o)
 .bss           0x008000ac        0x0 c:/winavr-20100110/bin/../lib/gcc/avr/4.3.3/avr5\libgcc.a(_udivmodsi4.o)
 .bss           0x008000ac        0x0 c:/winavr-20100110/bin/../lib/gcc/avr/4.3.3/avr5\libgcc.a(_exit.o)
 .bss           0x008000ac        0x0 c:/winavr-20100110/bin/../lib/gcc/avr/4.3.3/avr5\libgcc.a(_copy_data.o)
 .bss           0x008000ac        0x0 c:/winavr-20100110/bin/../lib/gcc/avr/4.3.3/avr5\libgcc.a(_clear_bss.o)
 *(.bss*)
 .bss.LCD_Status
                0x008000ac        0x1 ./03-HAL/LCD/LCD.o
 .bss.CallBack_Timer0CTC
                0x008000ad        0x2 ./02-MCAL/TIMER/Timer.o
 .bss.CallBack_Timer0OVF
                0x008000af        0x2 ./02-MCAL/TIMER/Timer.o
 .bss.gu8_intial_value
                0x008000b1        0x1 ./02-MCAL/TIMER/Timer.o
 .bss.PWM_timer_count
                0x008000b2        0x1 ./02-MCAL/PWM/PWM.o
 .bss.PWM_dutyCycle
                0x008000b3        0x1 ./02-MCAL/PWM/PWM.o
 .bss.index_row
                0x008000b4        0x1 ./01-LIB/DET/Det.o
 *(COMMON)
 COMMON         0x008000b5       0x64 ./03-HAL/LCD/LCD.o
                0x008000b5                gu8arr_error
 COMMON         0x00800119        0x4 ./02-MCAL/ADC/ADC_program.o
                0x00800119                gu8_Reading
                0x0080011b                CallbackNotification
                0x0080011d                PROVIDE (__bss_end, .)
                0x00001aae                __data_load_start = LOADADDR (.data)
                0x00001afa                __data_load_end = (__data_load_start + SIZEOF (.data))

.noinit         0x0080011d        0x0
                0x0080011d                PROVIDE (__noinit_start, .)
 *(.noinit*)
                0x0080011d                PROVIDE (__noinit_end, .)
                0x0080011d                _end = .
                0x0080011d                PROVIDE (__heap_start, .)

.eeprom         0x00810000        0x0
 *(.eeprom*)
                0x00810000                __eeprom_end = .

.fuse
 *(.fuse)
 *(.lfuse)
 *(.hfuse)
 *(.efuse)

.lock
 *(.lock*)

.signature
 *(.signature*)

.stab           0x00000000     0x30cc
 *(.stab)
 .stab          0x00000000      0x60c ./04-APP/APP_Program.o
 .stab          0x0000060c      0x390 ./03-HAL/motor/Motor.o
                                0x39c (size before relaxing)
 .stab          0x0000099c      0x240 ./03-HAL/TEMP/TEMP_program.o
                                0x24c (size before relaxing)
 .stab          0x00000bdc      0x7bc ./03-HAL/LCD/LCD.o
                                0x7c8 (size before relaxing)
 .stab          0x00001398      0x390 ./03-HAL/KEYPAD/KEYPAD_program.o
                                0x39c (size before relaxing)
 .stab          0x00001728      0x348 ./03-HAL/BUTTON/Button.o
                                0x354 (size before relaxing)
 .stab          0x00001a70      0x3f0 ./02-MCAL/TIMER/Timer.o
                                0x3fc (size before relaxing)
 .stab          0x00001e60      0x2ac ./02-MCAL/PWM/PWM.o
                                0x2b8 (size before relaxing)
 .stab          0x0000210c      0x1a4 ./02-MCAL/Interrupt/Interrupt_program.o
                                0x1b0 (size before relaxing)
 .stab          0x000022b0      0x678 ./02-MCAL/DIO/DIO_program.o
                                0x684 (size before relaxing)
 .stab          0x00002928      0x498 ./02-MCAL/ADC/ADC_program.o
                                0x4a4 (size before relaxing)
 .stab          0x00002dc0      0x1ec ./01-LIB/DET/Det.o
                                0x1f8 (size before relaxing)
 .stab          0x00002fac      0x120 ./main.o
                                0x12c (size before relaxing)

.stabstr        0x00000000     0x1043
 *(.stabstr)
 .stabstr       0x00000000     0x1043 ./04-APP/APP_Program.o

.stab.excl
 *(.stab.excl)

.stab.exclstr
 *(.stab.exclstr)

.stab.index
 *(.stab.index)

.stab.indexstr
 *(.stab.indexstr)

.comment
 *(.comment)

.debug
 *(.debug)

.line
 *(.line)

.debug_srcinfo
 *(.debug_srcinfo)

.debug_sfnames
 *(.debug_sfnames)

.debug_aranges
 *(.debug_aranges)

.debug_pubnames
 *(.debug_pubnames)

.debug_info
 *(.debug_info)
 *(.gnu.linkonce.wi.*)

.debug_abbrev
 *(.debug_abbrev)

.debug_line
 *(.debug_line)

.debug_frame
 *(.debug_frame)

.debug_str
 *(.debug_str)

.debug_loc
 *(.debug_loc)

.debug_macinfo
 *(.debug_macinfo)
OUTPUT(Thermostat.elf elf32-avr)
LOAD linker stubs
