Archive member included because of file (symbol)

c:/winavr-20100110/bin/../lib/gcc/avr/4.3.3/avr5\libgcc.a(_mulsi3.o)
                              ./03-HAL/TEMP/TEMP_program.o (__mulsi3)
c:/winavr-20100110/bin/../lib/gcc/avr/4.3.3/avr5\libgcc.a(_udivmodhi4.o)
                              ./03-HAL/TEMP/TEMP_program.o (__udivmodhi4)
c:/winavr-20100110/bin/../lib/gcc/avr/4.3.3/avr5\libgcc.a(_udivmodsi4.o)
                              ./03-HAL/LCD/LCD.o (__udivmodsi4)
c:/winavr-20100110/bin/../lib/gcc/avr/4.3.3/avr5\libgcc.a(_exit.o)
                              c:/winavr-20100110/bin/../lib/gcc/avr/4.3.3/../../../../avr/lib/avr5/crtm32.o (exit)
c:/winavr-20100110/bin/../lib/gcc/avr/4.3.3/avr5\libgcc.a(_copy_data.o)
                              ./04-APP/APP_Program.o (__do_copy_data)
c:/winavr-20100110/bin/../lib/gcc/avr/4.3.3/avr5\libgcc.a(_clear_bss.o)
                              ./03-HAL/LCD/LCD.o (__do_clear_bss)

Allocating common symbols
Common symbol       size              file

gu8arr_error        0x64              ./03-HAL/LCD/LCD.o
gu8_Reading         0x2               ./02-MCAL/ADC/ADC_program.o
CallbackNotification
                    0x2               ./02-MCAL/ADC/ADC_program.o

Memory Configuration

Name             Origin             Length             Attributes
text             0x00000000         0x00020000         xr
data             0x00800060         0x0000ffa0         rw !x
eeprom           0x00810000         0x00010000         rw !x
fuse             0x00820000         0x00000400         rw !x
lock             0x00830000         0x00000400         rw !x
signature        0x00840000         0x00000400         rw !x
*default*        0x00000000         0xffffffff

Linker script and memory map

LOAD c:/winavr-20100110/bin/../lib/gcc/avr/4.3.3/../../../../avr/lib/avr5/crtm32.o
LOAD ./04-APP/APP_Program.o
LOAD ./03-HAL/motor/Motor.o
LOAD ./03-HAL/TEMP/TEMP_program.o
LOAD ./03-HAL/LCD/LCD.o
LOAD ./03-HAL/KEYPAD/KEYPAD_program.o
LOAD ./02-MCAL/TIMER/Timer.o
LOAD ./02-MCAL/PWM/PWM.o
LOAD ./02-MCAL/Interrupt/Interrupt_program.o
LOAD ./02-MCAL/DIO/DIO_program.o
LOAD ./02-MCAL/ADC/ADC_program.o
LOAD ./01-LIB/DET/Det.o
LOAD ./main.o
LOAD c:/winavr-20100110/bin/../lib/gcc/avr/4.3.3/avr5\libgcc.a
LOAD c:/winavr-20100110/bin/../lib/gcc/avr/4.3.3/../../../../avr/lib/avr5\libc.a
LOAD c:/winavr-20100110/bin/../lib/gcc/avr/4.3.3/avr5\libgcc.a

.hash
 *(.hash)

.dynsym
 *(.dynsym)

.dynstr
 *(.dynstr)

.gnu.version
 *(.gnu.version)

.gnu.version_d
 *(.gnu.version_d)

.gnu.version_r
 *(.gnu.version_r)

.rel.init
 *(.rel.init)

.rela.init
 *(.rela.init)

.rel.text
 *(.rel.text)
 *(.rel.text.*)
 *(.rel.gnu.linkonce.t*)

.rela.text
 *(.rela.text)
 *(.rela.text.*)
 *(.rela.gnu.linkonce.t*)

.rel.fini
 *(.rel.fini)

.rela.fini
 *(.rela.fini)

.rel.rodata
 *(.rel.rodata)
 *(.rel.rodata.*)
 *(.rel.gnu.linkonce.r*)

.rela.rodata
 *(.rela.rodata)
 *(.rela.rodata.*)
 *(.rela.gnu.linkonce.r*)

.rel.data
 *(.rel.data)
 *(.rel.data.*)
 *(.rel.gnu.linkonce.d*)

.rela.data
 *(.rela.data)
 *(.rela.data.*)
 *(.rela.gnu.linkonce.d*)

.rel.ctors
 *(.rel.ctors)

.rela.ctors
 *(.rela.ctors)

.rel.dtors
 *(.rel.dtors)

.rela.dtors
 *(.rela.dtors)

.rel.got
 *(.rel.got)

.rela.got
 *(.rela.got)

.rel.bss
 *(.rel.bss)

.rela.bss
 *(.rela.bss)

.rel.plt
 *(.rel.plt)

.rela.plt
 *(.rela.plt)

.text           0x00000000     0x17c6
 *(.vectors)
 .vectors       0x00000000       0x54 c:/winavr-20100110/bin/../lib/gcc/avr/4.3.3/../../../../avr/lib/avr5/crtm32.o
                0x00000000                __vectors
                0x00000000                __vector_default
 *(.vectors)
 *(.progmem.gcc*)
 *(.progmem*)
                0x00000054                . = ALIGN (0x2)
                0x00000054                __trampolines_start = .
 *(.trampolines)
 .trampolines   0x00000054        0x0 linker stubs
 *(.trampolines*)
                0x00000054                __trampolines_end = .
 *(.jumptables)
 *(.jumptables*)
 *(.lowtext)
 *(.lowtext*)
                0x00000054                __ctors_start = .
 *(.ctors)
                0x00000054                __ctors_end = .
                0x00000054                __dtors_start = .
 *(.dtors)
                0x00000054                __dtors_end = .
 SORT(*)(.ctors)
 SORT(*)(.dtors)
 *(.init0)
 .init0         0x00000054        0x0 c:/winavr-20100110/bin/../lib/gcc/avr/4.3.3/../../../../avr/lib/avr5/crtm32.o
                0x00000054                __init
 *(.init0)
 *(.init1)
 *(.init1)
 *(.init2)
 .init2         0x00000054        0xc c:/winavr-20100110/bin/../lib/gcc/avr/4.3.3/../../../../avr/lib/avr5/crtm32.o
 *(.init2)
 *(.init3)
 *(.init3)
 *(.init4)
 .init4         0x00000060       0x16 c:/winavr-20100110/bin/../lib/gcc/avr/4.3.3/avr5\libgcc.a(_copy_data.o)
                0x00000060                __do_copy_data
 .init4         0x00000076       0x10 c:/winavr-20100110/bin/../lib/gcc/avr/4.3.3/avr5\libgcc.a(_clear_bss.o)
                0x00000076                __do_clear_bss
 *(.init4)
 *(.init5)
 *(.init5)
 *(.init6)
 *(.init6)
 *(.init7)
 *(.init7)
 *(.init8)
 *(.init8)
 *(.init9)
 .init9         0x00000086        0x8 c:/winavr-20100110/bin/../lib/gcc/avr/4.3.3/../../../../avr/lib/avr5/crtm32.o
 *(.init9)
 *(.text)
 .text          0x0000008e        0x4 c:/winavr-20100110/bin/../lib/gcc/avr/4.3.3/../../../../avr/lib/avr5/crtm32.o
                0x0000008e                __vector_1
                0x0000008e                __vector_12
                0x0000008e                __bad_interrupt
                0x0000008e                __vector_6
                0x0000008e                __vector_3
                0x0000008e                __vector_13
                0x0000008e                __vector_17
                0x0000008e                __vector_19
                0x0000008e                __vector_7
                0x0000008e                __vector_5
                0x0000008e                __vector_4
                0x0000008e                __vector_9
                0x0000008e                __vector_2
                0x0000008e                __vector_15
                0x0000008e                __vector_8
                0x0000008e                __vector_14
                0x0000008e                __vector_18
                0x0000008e                __vector_20
 .text          0x00000092        0x0 ./04-APP/APP_Program.o
 .text          0x00000092        0x0 ./03-HAL/motor/Motor.o
 .text          0x00000092        0x0 ./03-HAL/TEMP/TEMP_program.o
 .text          0x00000092        0x0 ./03-HAL/LCD/LCD.o
 .text          0x00000092        0x0 ./03-HAL/KEYPAD/KEYPAD_program.o
 .text          0x00000092        0x0 ./02-MCAL/TIMER/Timer.o
 .text          0x00000092        0x0 ./02-MCAL/PWM/PWM.o
 .text          0x00000092        0x0 ./02-MCAL/Interrupt/Interrupt_program.o
 .text          0x00000092        0x0 ./02-MCAL/DIO/DIO_program.o
 .text          0x00000092        0x0 ./02-MCAL/ADC/ADC_program.o
 .text          0x00000092        0x0 ./01-LIB/DET/Det.o
 .text          0x00000092        0x0 ./main.o
 .text          0x00000092        0x0 c:/winavr-20100110/bin/../lib/gcc/avr/4.3.3/avr5\libgcc.a(_mulsi3.o)
 .text          0x00000092        0x0 c:/winavr-20100110/bin/../lib/gcc/avr/4.3.3/avr5\libgcc.a(_udivmodhi4.o)
 .text          0x00000092        0x0 c:/winavr-20100110/bin/../lib/gcc/avr/4.3.3/avr5\libgcc.a(_udivmodsi4.o)
 .text          0x00000092        0x0 c:/winavr-20100110/bin/../lib/gcc/avr/4.3.3/avr5\libgcc.a(_exit.o)
 .text          0x00000092        0x0 c:/winavr-20100110/bin/../lib/gcc/avr/4.3.3/avr5\libgcc.a(_copy_data.o)
 .text          0x00000092        0x0 c:/winavr-20100110/bin/../lib/gcc/avr/4.3.3/avr5\libgcc.a(_clear_bss.o)
                0x00000092                . = ALIGN (0x2)
 *(.text.*)
 .text.APP_init
                0x00000092       0x26 ./04-APP/APP_Program.o
                0x00000092                APP_init
 .text.APP_Prog
                0x000000b8      0x194 ./04-APP/APP_Program.o
                0x000000b8                APP_Prog
 .text.MOTOR_init
                0x0000024c       0x4e ./03-HAL/motor/Motor.o
                0x0000024c                MOTOR_init
 .text.MOTOR_speed
                0x0000029a       0x1a ./03-HAL/motor/Motor.o
                0x0000029a                MOTOR_speed
 .text.MOTOR_direction
                0x000002b4       0x92 ./03-HAL/motor/Motor.o
                0x000002b4                MOTOR_direction
 .text.MOTOR_off
                0x00000346       0x4a ./03-HAL/motor/Motor.o
                0x00000346                MOTOR_off
 .text.TEMP_u8GetReading
                0x00000390       0x6c ./03-HAL/TEMP/TEMP_program.o
                0x00000390                TEMP_u8GetReading
 .text.LCD_vidInit
                0x000003fc       0x96 ./03-HAL/LCD/LCD.o
                0x000003fc                LCD_vidInit
 .text.LCD_vidWriteCommand
                0x00000492      0x128 ./03-HAL/LCD/LCD.o
                0x00000492                LCD_vidWriteCommand
 .text.LCD_vidWriteData
                0x000005ba      0x128 ./03-HAL/LCD/LCD.o
                0x000005ba                LCD_vidWriteData
 .text.LCD_vidWriteString
                0x000006e2       0x76 ./03-HAL/LCD/LCD.o
                0x000006e2                LCD_vidWriteString
 .text.LCD_vidWriteNumber
                0x00000758      0x14e ./03-HAL/LCD/LCD.o
                0x00000758                LCD_vidWriteNumber
 .text.LCD_vidSetPosition
                0x000008a6       0x70 ./03-HAL/LCD/LCD.o
                0x000008a6                LCD_vidSetPosition
 .text.LCD_vidClear
                0x00000916       0x2e ./03-HAL/LCD/LCD.o
                0x00000916                LCD_vidClear
 .text.delay    0x00000944       0x3c ./03-HAL/LCD/LCD.o
 .text.KPD_init
                0x00000980       0x86 ./03-HAL/KEYPAD/KEYPAD_program.o
                0x00000980                KPD_init
 .text.KPD_u8GetPressedKey
                0x00000a06      0x108 ./03-HAL/KEYPAD/KEYPAD_program.o
                0x00000a06                KPD_u8GetPressedKey
 .text.TIMER_vidTimer0Init
                0x00000b0e       0x22 ./02-MCAL/TIMER/Timer.o
                0x00000b0e                TIMER_vidTimer0Init
 .text.TIMER_vidTimer0Start
                0x00000b30       0x28 ./02-MCAL/TIMER/Timer.o
                0x00000b30                TIMER_vidTimer0Start
 .text.TIMER_vidTimer0Stop
                0x00000b58       0x1c ./02-MCAL/TIMER/Timer.o
                0x00000b58                TIMER_vidTimer0Stop
 .text.TIMER_u8Timer0_OVFflag
                0x00000b74       0x16 ./02-MCAL/TIMER/Timer.o
                0x00000b74                TIMER_u8Timer0_OVFflag
 .text.TIMER_u8Timer0_CTCflag
                0x00000b8a       0x18 ./02-MCAL/TIMER/Timer.o
                0x00000b8a                TIMER_u8Timer0_CTCflag
 .text.TIMER_vidTimer0SetInitValue
                0x00000ba2       0x24 ./02-MCAL/TIMER/Timer.o
                0x00000ba2                TIMER_vidTimer0SetInitValue
 .text.SetCallBack_Timer0CTC
                0x00000bc6       0x24 ./02-MCAL/TIMER/Timer.o
                0x00000bc6                SetCallBack_Timer0CTC
 .text.SetCallBack_Timer0OVF
                0x00000bea       0x24 ./02-MCAL/TIMER/Timer.o
                0x00000bea                SetCallBack_Timer0OVF
 .text.__vector_10
                0x00000c0e       0x66 ./02-MCAL/TIMER/Timer.o
                0x00000c0e                __vector_10
 .text.__vector_11
                0x00000c74       0x70 ./02-MCAL/TIMER/Timer.o
                0x00000c74                __vector_11
 .text.PWM_vidInit
                0x00000ce4       0x34 ./02-MCAL/PWM/PWM.o
                0x00000ce4                PWM_vidInit
 .text.PWM_vidstart
                0x00000d18       0x5a ./02-MCAL/PWM/PWM.o
                0x00000d18                PWM_vidstart
 .text.PWM_SetDutyCycle
                0x00000d72       0x1a ./02-MCAL/PWM/PWM.o
                0x00000d72                PWM_SetDutyCycle
 .text.GlobalInerruptEnable
                0x00000d8c       0x1c ./02-MCAL/Interrupt/Interrupt_program.o
                0x00000d8c                GlobalInerruptEnable
 .text.DIO_SETpinDir
                0x00000da8      0x21e ./02-MCAL/DIO/DIO_program.o
                0x00000da8                DIO_SETpinDir
 .text.DIO_SETportDir
                0x00000fc6       0x90 ./02-MCAL/DIO/DIO_program.o
                0x00000fc6                DIO_SETportDir
 .text.DIO_SETpinVal
                0x00001056      0x21e ./02-MCAL/DIO/DIO_program.o
                0x00001056                DIO_SETpinVal
 .text.DIO_SETportVal
                0x00001274       0x90 ./02-MCAL/DIO/DIO_program.o
                0x00001274                DIO_SETportVal
 .text.DIO_GETpinVal
                0x00001304      0x124 ./02-MCAL/DIO/DIO_program.o
                0x00001304                DIO_GETpinVal
 .text.ADC_init
                0x00001428       0x62 ./02-MCAL/ADC/ADC_program.o
                0x00001428                ADC_init
 .text.ADC_u8StartConversionSynch
                0x0000148a       0xfe ./02-MCAL/ADC/ADC_program.o
                0x0000148a                ADC_u8StartConversionSynch
 .text.ADC_u8StartConversionASynch
                0x00001588       0xaa ./02-MCAL/ADC/ADC_program.o
                0x00001588                ADC_u8StartConversionASynch
 .text.__vector_16
                0x00001632       0x7e ./02-MCAL/ADC/ADC_program.o
                0x00001632                __vector_16
 .text.Det_ReportError
                0x000016b0       0x4e ./01-LIB/DET/Det.o
                0x000016b0                Det_ReportError
 .text.main     0x000016fe       0x1a ./main.o
                0x000016fe                main
 .text.libgcc   0x00001718       0x3e c:/winavr-20100110/bin/../lib/gcc/avr/4.3.3/avr5\libgcc.a(_mulsi3.o)
                0x00001718                __mulsi3
 .text.libgcc   0x00001756       0x28 c:/winavr-20100110/bin/../lib/gcc/avr/4.3.3/avr5\libgcc.a(_udivmodhi4.o)
                0x00001756                __udivmodhi4
 .text.libgcc   0x0000177e       0x44 c:/winavr-20100110/bin/../lib/gcc/avr/4.3.3/avr5\libgcc.a(_udivmodsi4.o)
                0x0000177e                __udivmodsi4
 .text.libgcc   0x000017c2        0x0 c:/winavr-20100110/bin/../lib/gcc/avr/4.3.3/avr5\libgcc.a(_exit.o)
 .text.libgcc   0x000017c2        0x0 c:/winavr-20100110/bin/../lib/gcc/avr/4.3.3/avr5\libgcc.a(_copy_data.o)
 .text.libgcc   0x000017c2        0x0 c:/winavr-20100110/bin/../lib/gcc/avr/4.3.3/avr5\libgcc.a(_clear_bss.o)
                0x000017c2                . = ALIGN (0x2)
 *(.fini9)
 .fini9         0x000017c2        0x0 c:/winavr-20100110/bin/../lib/gcc/avr/4.3.3/avr5\libgcc.a(_exit.o)
                0x000017c2                exit
                0x000017c2                _exit
 *(.fini9)
 *(.fini8)
 *(.fini8)
 *(.fini7)
 *(.fini7)
 *(.fini6)
 *(.fini6)
 *(.fini5)
 *(.fini5)
 *(.fini4)
 *(.fini4)
 *(.fini3)
 *(.fini3)
 *(.fini2)
 *(.fini2)
 *(.fini1)
 *(.fini1)
 *(.fini0)
 .fini0         0x000017c2        0x4 c:/winavr-20100110/bin/../lib/gcc/avr/4.3.3/avr5\libgcc.a(_exit.o)
 *(.fini0)
                0x000017c6                _etext = .

.data           0x00800060       0x34 load address 0x000017c6
                0x00800060                PROVIDE (__data_start, .)
 *(.data)
 .data          0x00800060        0x0 c:/winavr-20100110/bin/../lib/gcc/avr/4.3.3/../../../../avr/lib/avr5/crtm32.o
 .data          0x00800060       0x24 ./04-APP/APP_Program.o
 .data          0x00800084        0x0 ./03-HAL/motor/Motor.o
 .data          0x00800084        0x0 ./03-HAL/TEMP/TEMP_program.o
 .data          0x00800084        0x0 ./03-HAL/LCD/LCD.o
 .data          0x00800084        0x0 ./03-HAL/KEYPAD/KEYPAD_program.o
 .data          0x00800084        0x0 ./02-MCAL/TIMER/Timer.o
 .data          0x00800084        0x0 ./02-MCAL/PWM/PWM.o
 .data          0x00800084        0x0 ./02-MCAL/Interrupt/Interrupt_program.o
 .data          0x00800084        0x0 ./02-MCAL/DIO/DIO_program.o
 .data          0x00800084        0x0 ./02-MCAL/ADC/ADC_program.o
 .data          0x00800084        0x0 ./01-LIB/DET/Det.o
 .data          0x00800084        0x0 ./main.o
 .data          0x00800084        0x0 c:/winavr-20100110/bin/../lib/gcc/avr/4.3.3/avr5\libgcc.a(_mulsi3.o)
 .data          0x00800084        0x0 c:/winavr-20100110/bin/../lib/gcc/avr/4.3.3/avr5\libgcc.a(_udivmodhi4.o)
 .data          0x00800084        0x0 c:/winavr-20100110/bin/../lib/gcc/avr/4.3.3/avr5\libgcc.a(_udivmodsi4.o)
 .data          0x00800084        0x0 c:/winavr-20100110/bin/../lib/gcc/avr/4.3.3/avr5\libgcc.a(_exit.o)
 .data          0x00800084        0x0 c:/winavr-20100110/bin/../lib/gcc/avr/4.3.3/avr5\libgcc.a(_copy_data.o)
 .data          0x00800084        0x0 c:/winavr-20100110/bin/../lib/gcc/avr/4.3.3/avr5\libgcc.a(_clear_bss.o)
 *(.data*)
 .data.KPD_COLUMNS.1220
                0x00800084        0x3 ./03-HAL/KEYPAD/KEYPAD_program.o
 .data.KPD_ROWS.1219
                0x00800087        0x3 ./03-HAL/KEYPAD/KEYPAD_program.o
 .data.KPD_Arr.1218
                0x0080008a        0x9 ./03-HAL/KEYPAD/KEYPAD_program.o
 .data.gu8_State
                0x00800093        0x1 ./02-MCAL/ADC/ADC_program.o
                0x00800093                gu8_State
 *(.rodata)
 *(.rodata*)
 *(.gnu.linkonce.d*)
                0x00800094                . = ALIGN (0x2)
                0x00800094                _edata = .
                0x00800094                PROVIDE (__data_end, .)

.bss            0x00800094       0x71
                0x00800094                PROVIDE (__bss_start, .)
 *(.bss)
 .bss           0x00800094        0x0 c:/winavr-20100110/bin/../lib/gcc/avr/4.3.3/../../../../avr/lib/avr5/crtm32.o
 .bss           0x00800094        0x0 ./04-APP/APP_Program.o
 .bss           0x00800094        0x0 ./03-HAL/motor/Motor.o
 .bss           0x00800094        0x0 ./03-HAL/TEMP/TEMP_program.o
 .bss           0x00800094        0x0 ./03-HAL/LCD/LCD.o
 .bss           0x00800094        0x0 ./03-HAL/KEYPAD/KEYPAD_program.o
 .bss           0x00800094        0x0 ./02-MCAL/TIMER/Timer.o
 .bss           0x00800094        0x0 ./02-MCAL/PWM/PWM.o
 .bss           0x00800094        0x0 ./02-MCAL/Interrupt/Interrupt_program.o
 .bss           0x00800094        0x0 ./02-MCAL/DIO/DIO_program.o
 .bss           0x00800094        0x0 ./02-MCAL/ADC/ADC_program.o
 .bss           0x00800094        0x0 ./01-LIB/DET/Det.o
 .bss           0x00800094        0x0 ./main.o
 .bss           0x00800094        0x0 c:/winavr-20100110/bin/../lib/gcc/avr/4.3.3/avr5\libgcc.a(_mulsi3.o)
 .bss           0x00800094        0x0 c:/winavr-20100110/bin/../lib/gcc/avr/4.3.3/avr5\libgcc.a(_udivmodhi4.o)
 .bss           0x00800094        0x0 c:/winavr-20100110/bin/../lib/gcc/avr/4.3.3/avr5\libgcc.a(_udivmodsi4.o)
 .bss           0x00800094        0x0 c:/winavr-20100110/bin/../lib/gcc/avr/4.3.3/avr5\libgcc.a(_exit.o)
 .bss           0x00800094        0x0 c:/winavr-20100110/bin/../lib/gcc/avr/4.3.3/avr5\libgcc.a(_copy_data.o)
 .bss           0x00800094        0x0 c:/winavr-20100110/bin/../lib/gcc/avr/4.3.3/avr5\libgcc.a(_clear_bss.o)
 *(.bss*)
 .bss.LCD_Status
                0x00800094        0x1 ./03-HAL/LCD/LCD.o
 .bss.CallBack_Timer0CTC
                0x00800095        0x2 ./02-MCAL/TIMER/Timer.o
 .bss.CallBack_Timer0OVF
                0x00800097        0x2 ./02-MCAL/TIMER/Timer.o
 .bss.gu8_intial_value
                0x00800099        0x1 ./02-MCAL/TIMER/Timer.o
 .bss.PWM_timer_count
                0x0080009a        0x1 ./02-MCAL/PWM/PWM.o
 .bss.PWM_dutyCycle
                0x0080009b        0x1 ./02-MCAL/PWM/PWM.o
 .bss.index_row
                0x0080009c        0x1 ./01-LIB/DET/Det.o
 *(COMMON)
 COMMON         0x0080009d       0x64 ./03-HAL/LCD/LCD.o
                0x0080009d                gu8arr_error
 COMMON         0x00800101        0x4 ./02-MCAL/ADC/ADC_program.o
                0x00800101                gu8_Reading
                0x00800103                CallbackNotification
                0x00800105                PROVIDE (__bss_end, .)
                0x000017c6                __data_load_start = LOADADDR (.data)
                0x000017fa                __data_load_end = (__data_load_start + SIZEOF (.data))

.noinit         0x00800105        0x0
                0x00800105                PROVIDE (__noinit_start, .)
 *(.noinit*)
                0x00800105                PROVIDE (__noinit_end, .)
                0x00800105                _end = .
                0x00800105                PROVIDE (__heap_start, .)

.eeprom         0x00810000        0x0
 *(.eeprom*)
                0x00810000                __eeprom_end = .

.fuse
 *(.fuse)
 *(.lfuse)
 *(.hfuse)
 *(.efuse)

.lock
 *(.lock*)

.signature
 *(.signature*)

.stab           0x00000000     0x2b8c
 *(.stab)
 .stab          0x00000000      0x450 ./04-APP/APP_Program.o
 .stab          0x00000450      0x390 ./03-HAL/motor/Motor.o
                                0x39c (size before relaxing)
 .stab          0x000007e0      0x210 ./03-HAL/TEMP/TEMP_program.o
                                0x21c (size before relaxing)
 .stab          0x000009f0      0x7bc ./03-HAL/LCD/LCD.o
                                0x7c8 (size before relaxing)
 .stab          0x000011ac      0x390 ./03-HAL/KEYPAD/KEYPAD_program.o
                                0x39c (size before relaxing)
 .stab          0x0000153c      0x3f0 ./02-MCAL/TIMER/Timer.o
                                0x3fc (size before relaxing)
 .stab          0x0000192c      0x2ac ./02-MCAL/PWM/PWM.o
                                0x2b8 (size before relaxing)
 .stab          0x00001bd8      0x1a4 ./02-MCAL/Interrupt/Interrupt_program.o
                                0x1b0 (size before relaxing)
 .stab          0x00001d7c      0x678 ./02-MCAL/DIO/DIO_program.o
                                0x684 (size before relaxing)
 .stab          0x000023f4      0x48c ./02-MCAL/ADC/ADC_program.o
                                0x498 (size before relaxing)
 .stab          0x00002880      0x1ec ./01-LIB/DET/Det.o
                                0x1f8 (size before relaxing)
 .stab          0x00002a6c      0x120 ./main.o
                                0x12c (size before relaxing)

.stabstr        0x00000000      0xe98
 *(.stabstr)
 .stabstr       0x00000000      0xe98 ./04-APP/APP_Program.o

.stab.excl
 *(.stab.excl)

.stab.exclstr
 *(.stab.exclstr)

.stab.index
 *(.stab.index)

.stab.indexstr
 *(.stab.indexstr)

.comment
 *(.comment)

.debug
 *(.debug)

.line
 *(.line)

.debug_srcinfo
 *(.debug_srcinfo)

.debug_sfnames
 *(.debug_sfnames)

.debug_aranges
 *(.debug_aranges)

.debug_pubnames
 *(.debug_pubnames)

.debug_info
 *(.debug_info)
 *(.gnu.linkonce.wi.*)

.debug_abbrev
 *(.debug_abbrev)

.debug_line
 *(.debug_line)

.debug_frame
 *(.debug_frame)

.debug_str
 *(.debug_str)

.debug_loc
 *(.debug_loc)

.debug_macinfo
 *(.debug_macinfo)
OUTPUT(Thermostat.elf elf32-avr)
LOAD linker stubs
